--------------------------------------------------------------------------------------
Timing Analyzer Summary
--------------------------------------------------------------------------------------

Type           : Worst-case tco
Slack          : N/A
Required Time  : None
Actual Time    : 8.552 ns
From           : M60:inst1|74168:inst1|15
To             : QLC[1]
From Clock     : CP
To Clock       : --
Failed Paths   : 0

Type           : Clock Setup: 'CP'
Slack          : N/A
Required Time  : None
Actual Time    : 297.62 MHz ( period = 3.360 ns )
From           : M60:inst1|74168:inst1|49
To             : M60:inst1|74168:inst|29
From Clock     : CP
To Clock       : CP
Failed Paths   : 0

Type           : Total number of failed paths
Slack          : 
Required Time  : 
Actual Time    : 
From           : 
To             : 
From Clock     : 
To Clock       : 
Failed Paths   : 0

--------------------------------------------------------------------------------------

